
> habit-tracker@1.0.0 build
> prisma generate && next build

Environment variables loaded from .env
Prisma schema loaded from prisma\schema.prisma

✔ Generated Prisma Client (v5.22.0) to .\node_modules\@prisma\client in 63ms

Start by importing your Prisma Client (See: https://pris.ly/d/importing-client)

Tip: Want to turn off tips and other hints? https://pris.ly/tip-4-nohints

┌─────────────────────────────────────────────────────────┐
│  Update available 5.22.0 -> 8.0.0-rc.19                 │
│                                                         │
│  This is a major update - please follow the guide at    │
│  https://pris.ly/d/major-version-upgrade                │
│                                                         │
│  Run the following to update                            │
│    npm i --save-dev prisma@latest                       │
│    npm i @prisma/client@latest                          │
└─────────────────────────────────────────────────────────┘
  ▲ Next.js 14.2.15
  - Environments: .env

   Creating an optimized production build ...
 ✓ Compiled successfully
   Linting and checking validity of types ...
   Collecting page data ...
   Generating static pages (0/13) ...
   Generating static pages (3/13) 
   Generating static pages (6/13) 
   Generating static pages (9/13) 
 ✓ Generating static pages (13/13)
   Finalizing page optimization ...
   Collecting build traces ...

Route (app)                              Size     First Load JS
┌ ○ /                                    3.12 kB          98 kB
├ ○ /_not-found                          876 B          88.3 kB
├ ƒ /api/analytics/summary               0 B                0 B
├ ƒ /api/auth/login                      0 B                0 B
├ ƒ /api/auth/register                   0 B                0 B
├ ƒ /api/categories                      0 B                0 B
├ ƒ /api/categories/[id]                 0 B                0 B
├ ƒ /api/habits                          0 B                0 B
├ ƒ /api/habits/[id]                     0 B                0 B
├ ƒ /api/habits/[id]/logs                0 B                0 B
├ ƒ /api/habits/[id]/logs/[date]         0 B                0 B
├ ƒ /api/settings                        0 B                0 B
├ ○ /dashboard                           113 kB          200 kB
├ ○ /login                               2.5 kB         97.4 kB
└ ○ /register                            2.53 kB        97.4 kB
+ First Load JS shared by all            87.4 kB
  ├ chunks/117-fc53ae8e54f9d63f.js       31.8 kB
  ├ chunks/fd9d1056-9cb78b004cfb815e.js  53.6 kB
  └ other shared chunks (total)          2 kB


○  (Static)   prerendered as static content
ƒ  (Dynamic)  server-rendered on demand

